// Jest Snapshot v1, https://goo.gl/fbAQLP

exports[`Grid Component Grid renders 1`] = `
<div
  class="AptoContainer"
>
  <div
    class="AptoRow"
  >
    <div
      class="AptoCol"
    >
      Foo
    </div>
    <div
      class="AptoCol"
    >
      Bar
    </div>
  </div>
  <div
    class="AptoRow"
  >
    <div
      class="AptoCol"
    >
      Baz
    </div>
    <div
      class="AptoCol"
    >
      Maz
    </div>
  </div>
</div>
`;
